// Jest Snapshot v1, https://goo.gl/fbAQLP

exports[`Render correct PrivateRoute Render PrivateRoute 1`] = `null`;
