// Jest Snapshot v1, https://goo.gl/fbAQLP

exports[`Movie-list is render correctly 1`] = `
<div
  className="catalog__movies-list"
/>
`;
