// Jest Snapshot v1, https://goo.gl/fbAQLP

exports[`Loader should render correcly 1`] = `
<div
  className="loader"
/>
`;
